a: 0, exp 0
b: 4, exp 4
c: 4, exp 4
d: 4, exp 4
e: 8, exp 8
f: 12, exp 12
g: 4, exp 4
h: 16, exp 16
i: 20, exp 20
j: 20, exp 20
k: 24, exp 24
l: 24, exp 24
m: 28, exp 28
n: 32, exp 32
o: 32, exp 32
p: 36, exp 36
q: 24, exp 24
r: 40, exp 40
s: 20, exp 20
t: 44, exp 44

